
> casl_sim@1.0.0 test
> jest

npm : PASS test_cases/input_comparison_test.js
発生場所 行:1 文字:1
+ npm test > test_output.txt 2>&1
+ ~~~~~~~~~~~~~~~~~~~~~~~~~~~~~~~
    + CategoryInfo          : NotSpecified: (PASS test_cases/input_comparison_test.js:String) [], Remot 
   eException
    + FullyQualifiedErrorId : NativeCommandError
 
PASS test_cases/arithmetic_operations_test.js
PASS test_cases/logical_and_shift_operations_test.js
PASS test_cases/conditional_and_comparison_test.js
PASS test_cases/multiplication_test.js
PASS test_cases/stack_operations_test.js
FAIL test_cases/assembler_test.js
  笳・Console

    console.log
      Starting assembly process

      at CASL2Assembler.log [as assemble] (casl2-assembler-core.js:15:17)

    console.log
      First pass: Collecting labels

      at CASL2Assembler.log [as assemble] (casl2-assembler-core.js:22:21)

    console.log
      Processing line: CASL START

      at CASL2Assembler.log [as firstPass] (casl2-assembler-core.js:48:21)

    console.log
      Label found: CASL at address: 0

      at CASL2Assembler.log [as firstPass] (casl2-assembler-core.js:58:25)

    console.log
      Processing line: LAD GR1, 5

      at CASL2Assembler.log [as firstPass] (casl2-assembler-core.js:48:21)

    console.log
      Processing line: LAD GR2, 3

      at CASL2Assembler.log [as firstPass] (casl2-assembler-core.js:48:21)

    console.log
      Processing line: ADDA GR1, GR2

      at CASL2Assembler.log [as firstPass] (casl2-assembler-core.js:48:21)

    console.log
      Processing line: RET

      at CASL2Assembler.log [as firstPass] (casl2-assembler-core.js:48:21)

    console.log
      Processing line: END

      at CASL2Assembler.log [as firstPass] (casl2-assembler-core.js:48:21)

    console.log
      Label table after first pass: Map(1) { 'CASL' => 0 }

      at CASL2Assembler.log [as firstPass] (casl2-assembler-core.js:69:17)

    console.log
      Second pass: Assembling instructions

      at CASL2Assembler.log [as assemble] (casl2-assembler-core.js:25:21)

    console.log
      Assembling line: CASL START

      at CASL2Assembler.log [as secondPass] (casl2-assembler-core.js:78:21)

    console.log
      Assembling line parts: [ 'START' ]

      at CASL2AssemblerInstructions.log [as assembleLine] (casl2-assembler-instructions.js:10:17)

    console.log
      Assembling line: LAD GR1, 5

      at CASL2Assembler.log [as secondPass] (casl2-assembler-core.js:78:21)

    console.log
      Assembling line parts: [ 'LAD', 'GR1,', '5' ]

      at CASL2AssemblerInstructions.log [as assembleLine] (casl2-assembler-instructions.js:10:17)

    console.log
      Assembling RR instruction: LAD GR1, 5

      at CASL2AssemblerInstructions.log [as assembleRR] (casl2-assembler-instructions.js:61:17)

    console.error
      Assembly failed: 辟｡蜉ｹ縺ｪ蜻ｽ莉､: LAD

    [0m [90m 33 |[39m             }[33m;[39m
     [90m 34 |[39m         } [36mcatch[39m (error) {
    [31m[1m>[22m[39m[90m 35 |[39m             console[33m.[39merror([32m'Assembly failed:'[39m
[33m,[39m error[33m.[39mmessage)[33m;[39m
     [90m    |[39m                     [31m[1m^[22m[39m
     [90m 36 |[39m             [36mreturn[39m {
     [90m 37 |[39m                 success[33m:[39m [36mfalse[39m[33m,[39m
     [90m 38 |[39m                 error[33m:[39m error[33m.[39mmessage[0m

      at CASL2Assembler.error [as assemble] (casl2-assembler-core.js:35:21)
      at Object.assemble (test_cases/assembler_test.js:19:30)

    console.log
      Starting assembly process

      at CASL2Assembler.log [as assemble] (casl2-assembler-core.js:15:17)

    console.log
      First pass: Collecting labels

      at CASL2Assembler.log [as assemble] (casl2-assembler-core.js:22:21)

    console.log
      Processing line: CASL START

      at CASL2Assembler.log [as firstPass] (casl2-assembler-core.js:48:21)

    console.log
      Label found: CASL at address: 0

      at CASL2Assembler.log [as firstPass] (casl2-assembler-core.js:58:25)

    console.log
      Processing line: INVALID GR1, 5

      at CASL2Assembler.log [as firstPass] (casl2-assembler-core.js:48:21)

    console.log
      Label found: INVALID at address: 1

      at CASL2Assembler.log [as firstPass] (casl2-assembler-core.js:58:25)

    console.log
      Processing line: END

      at CASL2Assembler.log [as firstPass] (casl2-assembler-core.js:48:21)

    console.log
      Label table after first pass: Map(2) { 'CASL' => 0, 'INVALID' => 1 }

      at CASL2Assembler.log [as firstPass] (casl2-assembler-core.js:69:17)

    console.log
      Second pass: Assembling instructions

      at CASL2Assembler.log [as assemble] (casl2-assembler-core.js:25:21)

    console.log
      Assembling line: CASL START

      at CASL2Assembler.log [as secondPass] (casl2-assembler-core.js:78:21)

    console.log
      Assembling line parts: [ 'START' ]

      at CASL2AssemblerInstructions.log [as assembleLine] (casl2-assembler-instructions.js:10:17)

    console.log
      Assembling line: INVALID GR1, 5

      at CASL2Assembler.log [as secondPass] (casl2-assembler-core.js:78:21)

    console.log
      Assembling line parts: [ 'GR1,', '5' ]

      at CASL2AssemblerInstructions.log [as assembleLine] (casl2-assembler-instructions.js:10:17)

    console.error
      Assembly failed: 譛ｪ遏･縺ｮ蜻ｽ莉､: GR1,

    [0m [90m 33 |[39m             }[33m;[39m
     [90m 34 |[39m         } [36mcatch[39m (error) {
    [31m[1m>[22m[39m[90m 35 |[39m             console[33m.[39merror([32m'Assembly failed:'[39m
[33m,[39m error[33m.[39mmessage)[33m;[39m
     [90m    |[39m                     [31m[1m^[22m[39m
     [90m 36 |[39m             [36mreturn[39m {
     [90m 37 |[39m                 success[33m:[39m [36mfalse[39m[33m,[39m
     [90m 38 |[39m                 error[33m:[39m error[33m.[39mmessage[0m

      at CASL2Assembler.error [as assemble] (casl2-assembler-core.js:35:21)
      at Object.assemble (test_cases/assembler_test.js:31:30)

    console.log
      Starting assembly process

      at CASL2Assembler.log [as assemble] (casl2-assembler-core.js:15:17)

    console.log
      First pass: Collecting labels

      at CASL2Assembler.log [as assemble] (casl2-assembler-core.js:22:21)

    console.log
      Processing line: CASL START

      at CASL2Assembler.log [as firstPass] (casl2-assembler-core.js:48:21)

    console.log
      Label found: CASL at address: 0

      at CASL2Assembler.log [as firstPass] (casl2-assembler-core.js:58:25)

    console.log
      Processing line: LAD GR1, 0

      at CASL2Assembler.log [as firstPass] (casl2-assembler-core.js:48:21)

    console.log
      Processing line: LAD GR2, 10

      at CASL2Assembler.log [as firstPass] (casl2-assembler-core.js:48:21)

    console.log
      Processing line: LOOP

      at CASL2Assembler.log [as firstPass] (casl2-assembler-core.js:48:21)

    console.log
      Label found: LOOP at address: 3

      at CASL2Assembler.log [as firstPass] (casl2-assembler-core.js:58:25)

    console.log
      Processing line: ADDA GR1, =1

      at CASL2Assembler.log [as firstPass] (casl2-assembler-core.js:48:21)

    console.log
      Processing line: SUBA GR2, =1

      at CASL2Assembler.log [as firstPass] (casl2-assembler-core.js:48:21)

    console.log
      Processing line: JNZ LOOP

      at CASL2Assembler.log [as firstPass] (casl2-assembler-core.js:48:21)

    console.log
      Processing line: RET

      at CASL2Assembler.log [as firstPass] (casl2-assembler-core.js:48:21)

    console.log
      Processing line: END

      at CASL2Assembler.log [as firstPass] (casl2-assembler-core.js:48:21)

    console.log
      Label table after first pass: Map(2) { 'CASL' => 0, 'LOOP' => 3 }

      at CASL2Assembler.log [as firstPass] (casl2-assembler-core.js:69:17)

    console.log
      Second pass: Assembling instructions

      at CASL2Assembler.log [as assemble] (casl2-assembler-core.js:25:21)

    console.log
      Assembling line: CASL START

      at CASL2Assembler.log [as secondPass] (casl2-assembler-core.js:78:21)

    console.log
      Assembling line parts: [ 'START' ]

      at CASL2AssemblerInstructions.log [as assembleLine] (casl2-assembler-instructions.js:10:17)

    console.log
      Assembling line: LAD GR1, 0

      at CASL2Assembler.log [as secondPass] (casl2-assembler-core.js:78:21)

    console.log
      Assembling line parts: [ 'LAD', 'GR1,', '0' ]

      at CASL2AssemblerInstructions.log [as assembleLine] (casl2-assembler-instructions.js:10:17)

    console.log
      Assembling RR instruction: LAD GR1, 0

      at CASL2AssemblerInstructions.log [as assembleRR] (casl2-assembler-instructions.js:61:17)

    console.error
      Assembly failed: 辟｡蜉ｹ縺ｪ蜻ｽ莉､: LAD

    [0m [90m 33 |[39m             }[33m;[39m
     [90m 34 |[39m         } [36mcatch[39m (error) {
    [31m[1m>[22m[39m[90m 35 |[39m             console[33m.[39merror([32m'Assembly failed:'[39m
[33m,[39m error[33m.[39mmessage)[33m;[39m
     [90m    |[39m                     [31m[1m^[22m[39m
     [90m 36 |[39m             [36mreturn[39m {
     [90m 37 |[39m                 success[33m:[39m [36mfalse[39m[33m,[39m
     [90m 38 |[39m                 error[33m:[39m error[33m.[39mmessage[0m

      at CASL2Assembler.error [as assemble] (casl2-assembler-core.js:35:21)
      at Object.assemble (test_cases/assembler_test.js:48:30)

    console.log
      Starting assembly process

      at CASL2Assembler.log [as assemble] (casl2-assembler-core.js:15:17)

    console.log
      First pass: Collecting labels

      at CASL2Assembler.log [as assemble] (casl2-assembler-core.js:22:21)

    console.log
      Processing line: CASL START

      at CASL2Assembler.log [as firstPass] (casl2-assembler-core.js:48:21)

    console.log
      Label found: CASL at address: 0

      at CASL2Assembler.log [as firstPass] (casl2-assembler-core.js:58:25)

    console.log
      Processing line: LAD GR1, DATA

      at CASL2Assembler.log [as firstPass] (casl2-assembler-core.js:48:21)

    console.log
      Processing line: LD GR2, 0, GR1

      at CASL2Assembler.log [as firstPass] (casl2-assembler-core.js:48:21)

    console.log
      Processing line: RET

      at CASL2Assembler.log [as firstPass] (casl2-assembler-core.js:48:21)

    console.log
      Processing line: DATA DC 42

      at CASL2Assembler.log [as firstPass] (casl2-assembler-core.js:48:21)

    console.log
      Label found: DATA at address: 4

      at CASL2Assembler.log [as firstPass] (casl2-assembler-core.js:58:25)

    console.log
      Processing line: END

      at CASL2Assembler.log [as firstPass] (casl2-assembler-core.js:48:21)

    console.log
      Label table after first pass: Map(2) { 'CASL' => 0, 'DATA' => 4 }

      at CASL2Assembler.log [as firstPass] (casl2-assembler-core.js:69:17)

    console.log
      Second pass: Assembling instructions

      at CASL2Assembler.log [as assemble] (casl2-assembler-core.js:25:21)

    console.log
      Assembling line: CASL START

      at CASL2Assembler.log [as secondPass] (casl2-assembler-core.js:78:21)

    console.log
      Assembling line parts: [ 'START' ]

      at CASL2AssemblerInstructions.log [as assembleLine] (casl2-assembler-instructions.js:10:17)

    console.log
      Assembling line: LAD GR1, DATA

      at CASL2Assembler.log [as secondPass] (casl2-assembler-core.js:78:21)

    console.log
      Assembling line parts: [ 'LAD', 'GR1,', 'DATA' ]

      at CASL2AssemblerInstructions.log [as assembleLine] (casl2-assembler-instructions.js:10:17)

    console.log
      Assembling RR instruction: LAD GR1, DATA

      at CASL2AssemblerInstructions.log [as assembleRR] (casl2-assembler-instructions.js:61:17)

    console.error
      Assembly failed: 辟｡蜉ｹ縺ｪ蜻ｽ莉､: LAD

    [0m [90m 33 |[39m             }[33m;[39m
     [90m 34 |[39m         } [36mcatch[39m (error) {
    [31m[1m>[22m[39m[90m 35 |[39m             console[33m.[39merror([32m'Assembly failed:'[39m
[33m,[39m error[33m.[39mmessage)[33m;[39m
     [90m    |[39m                     [31m[1m^[22m[39m
     [90m 36 |[39m             [36mreturn[39m {
     [90m 37 |[39m                 success[33m:[39m [36mfalse[39m[33m,[39m
     [90m 38 |[39m                 error[33m:[39m error[33m.[39mmessage[0m

      at CASL2Assembler.error [as assemble] (casl2-assembler-core.js:35:21)
      at Object.assemble (test_cases/assembler_test.js:63:30)

    console.log
      Starting assembly process

      at CASL2Assembler.log [as assemble] (casl2-assembler-core.js:15:17)

    console.log
      First pass: Collecting labels

      at CASL2Assembler.log [as assemble] (casl2-assembler-core.js:22:21)

    console.log
      Processing line: CASL START

      at CASL2Assembler.log [as firstPass] (casl2-assembler-core.js:48:21)

    console.log
      Label found: CASL at address: 0

      at CASL2Assembler.log [as firstPass] (casl2-assembler-core.js:58:25)

    console.log
      Processing line: LAD GR1, INVALID_LABEL

      at CASL2Assembler.log [as firstPass] (casl2-assembler-core.js:48:21)

    console.log
      Processing line: END

      at CASL2Assembler.log [as firstPass] (casl2-assembler-core.js:48:21)

    console.log
      Label table after first pass: Map(1) { 'CASL' => 0 }

      at CASL2Assembler.log [as firstPass] (casl2-assembler-core.js:69:17)

    console.log
      Second pass: Assembling instructions

      at CASL2Assembler.log [as assemble] (casl2-assembler-core.js:25:21)

    console.log
      Assembling line: CASL START

      at CASL2Assembler.log [as secondPass] (casl2-assembler-core.js:78:21)

    console.log
      Assembling line parts: [ 'START' ]

      at CASL2AssemblerInstructions.log [as assembleLine] (casl2-assembler-instructions.js:10:17)

    console.log
      Assembling line: LAD GR1, INVALID_LABEL

      at CASL2Assembler.log [as secondPass] (casl2-assembler-core.js:78:21)

    console.log
      Assembling line parts: [ 'LAD', 'GR1,', 'INVALID_LABEL' ]

      at CASL2AssemblerInstructions.log [as assembleLine] (casl2-assembler-instructions.js:10:17)

    console.log
      Assembling RR instruction: LAD GR1, INVALID_LABEL

      at CASL2AssemblerInstructions.log [as assembleRR] (casl2-assembler-instructions.js:61:17)

    console.error
      Assembly failed: 辟｡蜉ｹ縺ｪ蜻ｽ莉､: LAD

    [0m [90m 33 |[39m             }[33m;[39m
     [90m 34 |[39m         } [36mcatch[39m (error) {
    [31m[1m>[22m[39m[90m 35 |[39m             console[33m.[39merror([32m'Assembly failed:'[39m
[33m,[39m error[33m.[39mmessage)[33m;[39m
     [90m    |[39m                     [31m[1m^[22m[39m
     [90m 36 |[39m             [36mreturn[39m {
     [90m 37 |[39m                 success[33m:[39m [36mfalse[39m[33m,[39m
     [90m 38 |[39m                 error[33m:[39m error[33m.[39mmessage[0m

      at CASL2Assembler.error [as assemble] (casl2-assembler-core.js:35:21)
      at Object.assemble (test_cases/assembler_test.js:75:30)

  笳・CASL2 Assembler Test 窶ｺ Simple program assembly

    expect(received).toBe(expected) // Object.is equality

    Expected: true
    Received: false

    [0m [90m 18 |[39m [32m    `[39m[33m;[39m
     [90m 19 |[39m     [36mconst[39m result [33m=[39m assembler[33m.[39massemble(code)[33m;[39
m
    [31m[1m>[22m[39m[90m 20 |[39m     expect(result[33m.[39msuccess)[33m.[39mtoBe([36mtrue[3
9m)[33m;[39m
     [90m    |[39m                            [31m[1m^[22m[39m
     [90m 21 |[39m     expect(result[33m.[39mmemory)[33m.[39mtoBeDefined()[33m;[39m
     [90m 22 |[39m     expect(result[33m.[39mmemory[33m.[39mlength)[33m.[39mtoBeGreaterThan([35
m0[39m)[33m;[39m
     [90m 23 |[39m   })[33m;[39m[0m

      at Object.toBe (test_cases/assembler_test.js:20:28)

  笳・CASL2 Assembler Test 窶ｺ Complex program with labels

    expect(received).toBe(expected) // Object.is equality

    Expected: true
    Received: false

    [0m [90m 47 |[39m [32m    `[39m[33m;[39m
     [90m 48 |[39m     [36mconst[39m result [33m=[39m assembler[33m.[39massemble(code)[33m;[39
m
    [31m[1m>[22m[39m[90m 49 |[39m     expect(result[33m.[39msuccess)[33m.[39mtoBe([36mtrue[3
9m)[33m;[39m
     [90m    |[39m                            [31m[1m^[22m[39m
     [90m 50 |[39m     expect(result[33m.[39mmemory)[33m.[39mtoBeDefined()[33m;[39m
     [90m 51 |[39m     expect(result[33m.[39mmemory[33m.[39mlength)[33m.[39mtoBeGreaterThan([35
m0[39m)[33m;[39m
     [90m 52 |[39m   })[33m;[39m[0m

      at Object.toBe (test_cases/assembler_test.js:49:28)

  笳・CASL2 Assembler Test 窶ｺ Program with data section

    expect(received).toBe(expected) // Object.is equality

    Expected: true
    Received: false

    [0m [90m 62 |[39m [32m    `[39m[33m;[39m
     [90m 63 |[39m     [36mconst[39m result [33m=[39m assembler[33m.[39massemble(code)[33m;[39
m
    [31m[1m>[22m[39m[90m 64 |[39m     expect(result[33m.[39msuccess)[33m.[39mtoBe([36mtrue[3
9m)[33m;[39m
     [90m    |[39m                            [31m[1m^[22m[39m
     [90m 65 |[39m     expect(result[33m.[39mmemory)[33m.[39mtoBeDefined()[33m;[39m
     [90m 66 |[39m     expect(result[33m.[39mmemory[33m.[39mlength)[33m.[39mtoBeGreaterThan([35
m0[39m)[33m;[39m
     [90m 67 |[39m   })[33m;[39m[0m

      at Object.toBe (test_cases/assembler_test.js:64:28)

---------------------------------|---------|----------|---------|---------|----------------------------------------------------
File                             | % Stmts | % Branch | % Funcs | % Lines | Uncovered Line #s                                  
---------------------------------|---------|----------|---------|---------|----------------------------------------------------
All files                        |      34 |       25 |   23.07 |   34.33 |                                                    
 casl2-assembler-core.js         |   77.41 |    63.15 |     100 |   76.66 | 28-29,51-53,63-64,81-82,90,92,96-98                
 casl2-assembler-instructions.js |   15.66 |    17.46 |      25 |   15.66 | 28-54,67-166                                       
 casl2-assembler-main.js         |     100 |      100 |     100 |     100 |                                                    
 casl2-assembler-utils.js        |       0 |        0 |       0 |       0 | 3-46                                               
 casl2-core.js                   |   75.24 |    54.54 |   86.66 |   77.08 | 28,34,43,55-61,100-109,113-115,121,123,170-172,180 
 casl2-test-suite.js             |       0 |        0 |       0 |       0 | 12-86                                              
 casl2-ui.js                     |       0 |        0 |       0 |       0 | 7-251                                              
 config.js                       |   45.45 |        0 |       0 |   71.42 | 54-55                                              
 debugger.js                     |       0 |        0 |       0 |       0 | 7-57                                               
 instruction-set.js              |      40 |        0 |       0 |      40 | 192-193,197,201-202,206-207,211-212                
---------------------------------|---------|----------|---------|---------|----------------------------------------------------
Test Suites: 1 failed, 6 passed, 7 total
Tests:       3 failed, 18 passed, 21 total
Snapshots:   0 total
Time:        3.575 s
Ran all test suites.
